[2026-08-14T18:15:58.413928Z] [ContinuousAuditorDaemon] Continuous Auditor Daemon V1.3 Started.
[2026-08-14T18:15:58.413928Z] [ContinuousAuditorDaemon] Monitoring Directory: C:\Users\finky\Desktop\AntiGravity\Cisem CsAg
[2026-08-14T18:15:58.415432Z] [ContinuousAuditorDaemon] PID 36512 written to C:\Users\finky\Desktop\AntiGravity\Cisem CsAg\cisem_core\logs\daemon.pid
[2026-08-14T18:15:58.728559Z] [ContinuousAuditorDaemon] Initial scan indexed 1801 tracked files.
[2026-08-14T18:16:03.346292Z] [ContinuousAuditorDaemon] Detected modification in: C:\Users\finky\Desktop\AntiGravity\Cisem CsAg\cisem_core\cxp\2026-08-14__GoogleAntigravity__Cxp__WorkspaceReconciler__V0.7.py
[2026-08-14T18:16:03.347503Z] [ContinuousAuditorDaemon] --- Modification Triggered Audit Loop ---
[2026-08-14T18:16:03.347503Z] [ContinuousAuditorDaemon] Executing: python C:\Users\finky\Desktop\AntiGravity\Cisem CsAg\cisem_core\cxp\2026-08-14__GoogleAntigravity__Cxp__WorkspaceReconciler__V0.7.py 
[2026-08-14T18:16:04.049529Z] [ContinuousAuditorDaemon] OK | 2026-08-14__GoogleAntigravity__Cxp__WorkspaceReconciler__V0.7.py
  stdout: === CISEM Workspace Registry Reconciliation ===
Verified Integrity: 2026-08-05__CISEM__CXP__Specification__V1.2.md matches SHA-256 checksum.
Verified Integrity: 2026-08-05__CISEM__CXP__PacketSchema__V1.2.schema.json matches SHA-256 checksum.
Verified Integrity: 2026-08-05__CISEM__CXP__StateTransitionMatrix__V1.3.yaml matches SHA-256 checksum.
Verified Integrity: 2026-08-05__CISEM__CXP__IntentRegistry__V1.2.yaml matches SHA-256 checksum.
Verified Integrity: 2026-08-05__CISEM__CXP__CapabilityRegistry__V1.2.yaml matches SHA-256 checksum.
Verified Integrity: 2026-08-05__CISEM__CXP__CompletenessMatrix__V1.2.yaml matches SHA-256 checksum.
Verified Integrity: 2026-08-08__GeminiAI__AntigravityLocal__MultiTenantSaaSArchitectureReference__V1.0.md matches SHA-256 checksum.
Verified Integrity: 2026-08-08__GeminiAI__AntigravityLocal__SaaS_AutonomousSales_And_VectorSearch_Reference__V1.0.md matches SHA-256 checksum.
Verified Integrity: 2026-08-08__GeminiAI__AntigravityLocal__SaaS_LLM_Routers_Reference__V1.0.md matches SHA-256 checksum.
Verified Integrity: 2026-08-08__AntigravityLocal__YarivHuman__SaaS_AutonomousSales_ChatApiRoute__V1.0.ts matches SHA-256 checksum.
Verified Integrity: 2026-08-08__AntigravityLocal__YarivHuman__SaaS_AutonomousSales_ChatWidgetComponent__V1.0.tsx matches SHA-256 checksum.
Verified Integrity: 2026-08-08__AntigravityLocal__YarivHuman__SaaS_PayloadCatalogEnrichmentHook__V1.0.ts matches SHA-256 checksum.
Verified Integrity: 2026-08-08__AntigravityLocal__YarivHuman__SaaS_PayloadMediaCollectionSchema__V1.0.ts matches SHA-256 checksum.
Verified Integrity: 2026-08-08__AntigravityLocal__YarivHuman__SaaS_GeminiMultiModalEmbeddingService__V1.0.py matches SHA-256 checksum.
Verified Integrity: 2026-08-08__AntigravityLocal__YarivHuman__SaaS_PGVectorMultiTenantSearchService__V1.0.py matches SHA-256 checksum.
Verified Integrity: 2026-08-08__AntigravityLocal__YarivHuman__SaaS_PGVectorPartitionedSchema__V1.0.sql matches SHA-256 checksum.
Verified Integrity: 2026-08-08__AntigravityLocal__YarivHuman__SaaS_AI_CoreComponents__V1.0.zip matches SHA-256 checksum.
Verified Integrity: 2026-08-05__CISEM__CXP__PacketSchema__V1.2.html matches SHA-256 checksum.
Verified Integrity: 2026-08-05__GoogleAntigravity__Cxp__GasOrchestrator__V0.1.js matches SHA-256 checksum.
Verified Integrity: 3100__CISEM__Google_Antigravity__Marketing_Execution_Workspace__Root_and_Index__V0.1.txt matches SHA-256 checksum.
Verified Integrity: 3110__CISEM__Google_Antigravity__Human_Bridge_and_File_Absorption_Protocol__V0.1.txt matches SHA-256 checksum.
Verified Integrity: 3120__CISEM__Google_Antigravity__Clarification_and_Decision_Register__V0.1.txt matches SHA-256 checksum.
Verified Integrity: 2026-08-08__AntigravityLocal__YarivHuman__SaaS_AutonomousSales_ChatApiRoute__V1.1.ts matches SHA-256 checksum.
Verified Integrity: 2026-08-08__AntigravityLocal__YarivHuman__SaaS_AI_CoreComponents__V1.1.zip matches SHA-256 checksum.
Verified Integrity: 2026-08-08__AntigravityLocal__YarivHuman__SaaS_AutonomousSales_ChatApiRoute__V1.2.ts matches SHA-256 checksum.
Verified Integrity: route.ts matches SHA-256 checksum.
Verified Integrity: 2026-08-08__AntigravityLocal__YarivHuman__SaaS_RootLayoutComponent__V1.0.tsx matches SHA-256 checksum.
Verified Integrity: 2026-08-08__AntigravityLocal__YarivHuman__SaaS_AI_CoreComponents__V1.2.zip matches SHA-256 checksum.
Verified Integrity: cisem_gate.py matches SHA-256 checksum.
Verified Integrity: 2026-08-10__CISEM__AntigravityLocal__CisemConfig__V1.0.py matches SHA-256 checksum.
Verified Integrity: 2026-08-14__CISEM__AntigravityLocal__ContinuousAuditorDaemon__V1.2.py matches SHA-256 checksum.
Verified Integrity: 2026-08-10__CISEM__AntigravityLocal__GraphifyDependencyMapper__V1.0.py matches SHA-256 checksum.
Verified Integrity: 2026-08-10__AntigravityLocal__YarivHuman__Storefront_Whitelabel_Exporter_UI_and_Git_Sync_Plan__V1.0.md matches SHA-256 checksum.
Verified Integrity: 2026-08-10__AntigravityLocal__YarivHuman__Storefront_Whitelabel_Exporter_UI_and_Git_Sync_Walkthrough__V1.0.md matches SHA-256 checksum.
Verified Integrity: update_registry_v1.41.py matches SHA-256 checksum.
Verified Integrity: 2026-08-10__AntigravityLocal__YarivHuman__PgVectorPartitionAuditVerification__V1.0.py matches SHA-256 checksum.
Verified Integrity: 2026-08-10__AntigravityLocal__YarivHuman__PGVector_Partition_Audit_and_Exporter_UI_Walkthrough__V1.0.md matches SHA-256 checksum.
Verified Integrity: 2026-08-10__AntigravityLocal__YarivHuman__Combined_Frontend_Refactor_i18n_Layout_Segregation_and_Priority_Engine_Dashboard_Plan__V1.0.md matches SHA-256 checksum.
Verified Integrity: update_registry_v1.42.py matches SHA-256 checksum.
Verified Integrity: 2026-08-10__CISEM__AntigravityLocal__UserJourneySimulator__V1.0.py matches SHA-256 checksum.
Verified Integrity: update_registry_v1.43.py matches SHA-256 checksum.
Verified Integrity: update_registry_v1.44.py matches SHA-256 checksum.
Verified Integrity: 2026-08-10__AntigravityLocal__YarivHuman__Frontend_Enhancements_and_Review_Checklist__V1.0.md matches SHA-256 checksum.
Verified Integrity: cisem_planning_mode.json matches SHA-256 checksum.
Verified Integrity: page.tsx matches SHA-256 checksum.
Verified Integrity: 2026-08-10__CISEM__AntigravityLocal__TemplatesRegistry__V1.0.yaml matches SHA-256 checksum.
Verified Integrity: route.ts matches SHA-256 checksum.
Verified Integrity: 2026-08-07__CISEM__Planning__Specification__V1.0.md matches SHA-256 checksum.
Verified Integrity: 2026-08-07__GoogleAntigravity__Planning__PlanIngestor__V0.2.py matches SHA-256 checksum.
Verified Integrity: 2026-08-08__AntigravityLocal__YarivHuman__EnterpriseScaleArchitectureBlueprint__V1.0.md matches SHA-256 checksum.
Verified Integrity: 2026-08-08__AntigravityLocal__YarivHuman__SandboxSystemSchemaAndStructure__V1.0.md matches SHA-256 checksum.
Verified Integrity: 2026-08-08__AntigravityLocal__YarivHuman__ProjectManagementAndAccountabilityFramework__V1.0.md matches SHA-256 checksum.
Verified Integrity: 2026-08-08__AntigravityLocal__YarivHuman__KnowledgeManagementAndPlatformDnaEnforcement__V1.0.md matches SHA-256 checksum.
Verified Integrity: 2026-08-08__AntigravityLocal__YarivHuman__PersonaAuditSandboxPositioning__V1.0.md matches SHA-256 checksum.
Verified Integrity: 2026-08-08__AntigravityLocal__YarivHuman__SandboxThresholdProtocol__V1.0.md matches SHA-256 checksum.
Verified Integrity: 2026-08-08__AntigravityLocal__YarivHuman__UniquePlatformMechanismsUsageReport__V1.0.md matches SHA-256 checksum.
Verified Integrity: route.ts matches SHA-256 checksum.
Verified Integrity: 2026-08-09__AntigravityLocal__YarivHuman__Git_Diff_Gate_Scope_Optimization_Plan__V1.0.md matches SHA-256 checksum.
Verified Integrity: 2026-08-09__AntigravityLocal__YarivHuman__Permanent_Planning_Mode_and_State_Locked_Gate_Plan__V1.0.md matches SHA-256 checksum.
Verified Integrity: 2026-08-09__AntigravityLocal__YarivHuman__TemplateHub_WebPages_Permission_Wiring_Plan__V1.2.md matches SHA-256 checksum.
Verified Integrity: 2026-08-09__AntigravityLocal__YarivHuman__TemplateHub_WebPages_Permission_Wiring_Walkthrough__V1.0.md matches SHA-256 checksum.
Verified Integrity: 2026-08-09__AntigravityLocal__YarivHuman__Tenant_Context_Validation_Implementation_Plan__V1.0.md matches SHA-256 checksum.
Verified Integrity: tenant_context.ts matches SHA-256 checksum.
Verified Integrity: 2026-08-09__AntigravityLocal__YarivHuman__TenantContextValidationVerificationScript__V1.0.py matches SHA-256 checksum.
Verified Integrity: 2026-08-09__AntigravityLocal__YarivHuman__TenantContextValidationWalkthrough__V1.0.md matches SHA-256 checksum.
Verified Integrity: 2026-08-09__AntigravityLocal__YarivHuman__ModelRouterArchitectureBlueprint__V1.0.md matches SHA-256 checksum.
Verified Integrity: Dockerfile matches SHA-256 checksum.
Verified Integrity: docker-compose.yml matches SHA-256 checksum.
Verified Integrity: 2026-08-10__Gemini3.5__YarivHuman__AxiomsAndPrinciples__V1.30.md matches SHA-256 checksum.
Verified Integrity: 2026-08-07__CISEM__AntigravityLocal__Vocabulary__V1.13.md matches SHA-256 checksum.
Verified Integrity: trial_registry.yaml matches SHA-256 checksum.
Verified Integrity: 2026-08-09__Sonnet__YarivHuman__Trial001Runner__V1.0.ts matches SHA-256 checksum.
Verified Integrity: TRIAL-001__ConclusionReport__Sonnet__YarivHuman__ModelRouting__V1.0.md matches SHA-256 checksum.
Verified Integrity: 2026-08-09__CISEM__DecisionMaturityPipeline__V1.0.md matches SHA-256 checksum.
Verified Integrity: 2026-08-07__CISEM__AntigravityLocal__CommunicationSpecification__V1.0.md matches SHA-256 checksum.
Verified Integrity: 2026-08-07__CISEM__AntigravityLocal__CleanupEvidenceLog__V1.5.md matches SHA-256 checksum.
Verified Integrity: 2026-08-10__CISEM__AntigravityLocal__CleanupEvidenceLog__V1.6.md matches SHA-256 checksum.
Verified Integrity: 2026-08-07__CISEM__AntigravityLocal__TraceabilitySpecification__V1.0.md matches SHA-256 checksum.
Verified Integrity: 2026-08-07__CISEM__AntigravityLocal__PlanProtocolSpecification__V1.0.md matches SHA-256 checksum.
Verified: SUPPLIER_SCRAPER project-to-subsystem inheritance link resolved.
Verified: Google Drive transport local sync path resolved: ./9000__INTERSYSTEM_EXECUTION_EXCHANGE

--- Findings Report ---
No anomalies detected. Registry conforms to absolute reality.
Reconciliation Result: SUCCESS
  stderr: (empty)
[2026-08-14T18:16:04.052595Z] [ContinuousAuditorDaemon] Executing: python C:\Users\finky\Desktop\AntiGravity\Cisem CsAg\cisem_core\CisemSync.py 
[2026-08-14T18:16:04.666263Z] [ContinuousAuditorDaemon] OK | CisemSync.py
  stdout: === CISEM Document Auto-Sync Process (V1.2) ===
Document 2026-08-14__AntigravityLocal__YarivHuman__Steps_35_Implementation_Plan_for_Governor_Approval_Plan__V1.0.md is already up to date.
Document 2026-08-14__AntigravityLocal__YarivHuman__CISEM_Session_Retrospective_2026_08_10_to_2026_08_14_Walkthrough__V1.0.md is already up to date.
=== Sync Completed Successfully ===
  stderr: (empty)
[2026-08-14T18:16:04.666263Z] [ContinuousAuditorDaemon] Executing: python C:\Users\finky\Desktop\AntiGravity\Cisem CsAg\cisem_core\sandbox\CisemAuditor.py 
[2026-08-14T18:16:05.298340Z] [ContinuousAuditorDaemon] OK | CisemAuditor.py
  stdout: [*] Last audit run detected at: 2026-08-14T17:47:47.562242Z
============================================================
=== CISEM Audits Orchestrator: Multi-Scenario Suite ===
============================================================
[*] Loaded 10 internal expert personas.
[*] Loaded 5 external AI consultant placeholders.

[*] Running Scenario: [SECURITY_HANDSHAKE_BYPASS] (Type: SECURITY)
  - Persona [Lead Security Auditor] triggered. Reason: Expected relevance (HIGH). Severity: HIGH
  - Persona [Governor Compliance Proxy] triggered. Reason: Expected relevance (MEDIUM). Severity: MEDIUM
  - Persona [Core Platform Stability Expert] triggered. Reason: Expected relevance (MEDIUM). Severity: HIGH

[*] Running Scenario: [DATABASE_DEADLOCK_SYNC] (Type: STABILITY_LOCKING)
  - Persona [Lead Security Auditor] triggered. Reason: Expected relevance (MEDIUM). Severity: HIGH
  - Persona [Core Platform Systems Developer] triggered. Reason: Expected relevance (MEDIUM). Severity: MEDIUM
  - Persona [Core Platform Stability Expert] triggered. Reason: Expected relevance (HIGH). Severity: HIGH
  - Persona [Platform Scalability & Resource Architect] triggered. Reason: Expected relevance (MEDIUM). Severity: MEDIUM

[*] Running Scenario: [DUPLICATE_REGISTRY_CONTROLLER] (Type: ARCHITECTURE_CONSOLIDATION)
  - Persona [Core Platform Systems Developer] triggered. Reason: Expected relevance (HIGH). Severity: MEDIUM
  - Persona [Governor Compliance Proxy] triggered. Reason: Expected relevance (MEDIUM). Severity: MEDIUM
  - Persona [Consolidation & Single Source of Truth Expert] triggered. Reason: Expected relevance (HIGH). Severity: MEDIUM
  - Persona [Core Platform Stability Expert] triggered. Reason: Expected relevance (MEDIUM). Severity: HIGH

[*] Running Scenario: [GLASSMORPHISM_VISUAL_THEME] (Type: UI_VISUAL)
  - Persona [Platform Performance & Latency Architect] triggered. Reason: Expected relevance (MEDIUM). Severity: MEDIUM
  - Persona [Lead UX Experience Designer] triggered. Reason: Expected relevance (HIGH). Severity: MEDIUM
  - Persona [Lead UI Visual Architect] triggered. Reason: Expected relevance (HIGH). Severity: MEDIUM
  - Persona [Core Task Completion Enforcer] triggered. Reason: Expected relevance (MEDIUM). Severity: MEDIUM

[*] Running Scenario: [EDGE_CACHE_LATENCY_LAG] (Type: PERFORMANCE_CACHE)
  - Persona [Platform Performance & Latency Architect] triggered. Reason: Expected relevance (HIGH). Severity: MEDIUM
  - Persona [Core Platform Systems Developer] triggered. Reason: Expected relevance (MEDIUM). Severity: MEDIUM
  - Persona [Core Platform Stability Expert] triggered. Reason: Expected relevance (MEDIUM). Severity: HIGH
  - Persona [Platform Scalability & Resource Architect] triggered. Reason: Expected relevance (HIGH). Severity: MEDIUM

[*] Running Scenario: [TODO_PLACEHOLDER_STUB] (Type: COMPLETION_AUDIT)
  - Persona [Core Platform Systems Developer] triggered. Reason: Expected relevance (HIGH). Severity: MEDIUM
  - Persona [Governor Compliance Proxy] triggered. Reason: Expected relevance (MEDIUM). Severity: MEDIUM
  - Persona [Core Task Completion Enforcer] triggered. Reason: Expected relevance (HIGH). Severity: MEDIUM
  - Persona [Consolidation & Single Source of Truth Expert] triggered. Reason: Expected relevance (MEDIUM). Severity: MEDIUM

[+] Suite audit concluded. Reports saved to: C:\Users\finky\Desktop\AntiGravity\Cisem CsAg\cisem_core\sandbox\orchestration_trial_report.json
  stderr: (empty)
[2026-08-14T18:16:05.299294Z] [ContinuousAuditorDaemon] Executing: python C:\Users\finky\Desktop\AntiGravity\Cisem CsAg\cisem_core\sandbox\CisemATV.py 
[2026-08-14T18:16:06.186352Z] [ContinuousAuditorDaemon] OK | CisemATV.py
  stdout: ============================================================
CISEM Anti-Theater Validator (ATV) v1.1
Ratified: GOV-YARIV-20260806-CONTEXT-ADAPTIVE-V1.0
Exposing assumptions. Measuring contextual results.
============================================================

[Assumption Diffuser] Evaluating Check: Contextual Persona Relevance
  Metric       : triggered_personas / total_personas_registered
  Assumption   : All registered expert personas should trigger evenly on every scenario.
  Context Valid: persona_scenario_map exists to verify expected persona triggers
  Result: PASS. Contextual relevance checks passed across all 6 scenarios.

[ATV Check 2] Beneficial Drift Detection...
  [ATV] Vault entry already exists and is parked for title 'Beneficial Drift -- Dynamic scenario suite surfaced constructive findings' (skipping).
  Result: BENEFICIAL.DRIFT detected. Park ID: PARK-041

[ATV Check 3] Theater Detection...
  Result: No theater signals detected.

[Assumption Diffuser] Evaluating Check: Activation Tracker
  Metric       : actual_triggers >= validation_target (4x)
  Assumption   : Every mechanism should trigger 4 times its estimated rate uniformly regardless of purpose.
  Context Valid: activation_registry has entries to validate
  Result: All active mechanisms meet validation targets.

[ATV Check 6] Naked Number Context Audit...

[Assumption Diffuser] Evaluating Check: Naked Number Audit
  Metric       : naked_numbers_found == 0
  Assumption   : All numbers written in workspace instructions, plans, or rules represent rigid constants.
  Context Valid: workspace root exists to scan files
  Scanned markdown documentation. Found 30 naked number occurrence(s).
  First 10 Naked Numbers:
    - 2026-08-09__AntigravityLocal__YarivHuman__Git_Diff_Gate_Scope_Optimization_Plan__V1.0.md:L41 (11): - Verify output log details that Phase 11 successfully runs with git-diff scope.
    - 2026-08-09__AntigravityLocal__YarivHuman__Git_Diff_Scope_Optimization_in_Cisem_Gate_Plan__V1.0.md:L42 (11): - Verify output log details that Phase 11 successfully runs with git-diff scope.
    - 2026-08-09__AntigravityLocal__YarivHuman__Trial_001_Validation_Telemetry_and_Exit_Validation_Plan__V1.0.md:L3 (001): This implementation plan outlines the steps to execute and verify **Trial 001: Task-Adaptive Model Routing** (`TRIAL-001`) in accordance with the Statistical Maturity Principle (`AX-75000`) and Anti-Mock Telemetry Signatures (`PR-103000`).
    - 2026-08-09__AntigravityLocal__YarivHuman__Trial_001_Verification_and_Exit_Validation_Walkthrough__V1.0.md:L3 (001): This document summarizes the execution and verification details for **Trial 001: Task-Adaptive Model Routing** (`TRIAL-001`).
    - 2026-08-10__AntigravityLocal__YarivHuman__Clean_DIMA_Dashboard_Base_Rebuild_Walkthrough__V1.6.md:L39 (20): * **Result**: Passed all 20 compilation gates.
    - 2026-08-10__AntigravityLocal__YarivHuman__Consolidated_Master_Implementation_Plan_V17_Plan__V1.7.md:L16 (30): This master plan integrates **Plan A (Governance Hardening & Decoupling)** and **Plan B (UX/UI Dashboard & Monetization)** into a unified execution sequence. It resolves prior conflicts by establishing explicit dependency constraints, implementing a federated registry, and embedding expert panel recommendations (Ed25519 signatures, tiered accessibility checks, and a 30-day downgrade grace period).
    - 2026-08-10__AntigravityLocal__YarivHuman__DIMA_Dashboard_Hierarchical_Task_Management_and_Collaboration_Platform_Plan__V1.0.md:L10 (15): > **15 improvements over the previous plan**  please review the sections marked with  below.
    - 2026-08-10__AntigravityLocal__YarivHuman__DIMA_Dashboard_Hierarchical_Task_Management_and_Collaboration_Platform_Plan__V1.0.md:L202 (16): | 16 | `SettingsView`  Notification Calibrator | Per-event toggles, quiet hours, lead times |
    - 2026-08-10__AntigravityLocal__YarivHuman__DIMA_Dashboard_Hierarchical_Task_Management_and_Collaboration_Platform_Plan__V1.0.md:L212 (20): | 20 | Supabase project setup | Tables, RLS policies, auth |
    - 2026-08-10__AntigravityLocal__YarivHuman__DIMA_Dashboard_Hierarchical_Task_Management_and_Collaboration_Platform_Plan__V1.0.md:L213 (21): | 21 | `SupabaseAdapter` | Implement `StorageAdapter` for Supabase |
  [ATV] Vault entry already exists and is parked for title 'Naked Numbers Found -- Context/Reasoning missing for 30 numbers' (skipping).

[ATV Check 5] Root Cause Pattern Tracking...
  Appended to Root Cause Registry. Total historical events: 1596

[ATV Check 5.5] Planning / Execution (P/E) Ratio Check...
  Planning turns logged  : 0
  Execution turns logged : 0

[Maturity Evaluator] Evaluating Turn Maturity Status...
  Current turn            : 0 (floor: 3, ceiling: 15)
  Maturity Signals        : Resolved=0, Created=0, Blast=0, Blocks=0
  Maturity Score computed : 50 (threshold: 70)
  Maturity threshold not met -- extending turn cycle.

============================================================
ATV VERDICT: GAPS_FOUND
  Checks active   : 5
  Gaps found      : 1
  Beneficial drift: 1
  Report saved to : C:\Users\finky\Desktop\AntiGravity\Cisem CsAg\cisem_core\sandbox\atv_report.json
============================================================

[ATV] Turn counter and maturity signals reset. Next adaptive cycle starts.
  stderr: (empty)
[2026-08-14T18:16:06.187352Z] [ContinuousAuditorDaemon] --- Audit Cycle Summary ---
  WorkspaceReconciler: OK
  CisemSync: OK
  CisemAuditor: OK
  CisemATV: OK
  4 of 4 components OK
[2026-08-14T18:16:06.187352Z] [ContinuousAuditorDaemon] ----------------------------------------
